============================================================
RFID Allocation Test
============================================================

1. Creating test book with 3 copies...
python : Traceback (most 
recent call last):
At line:1 char:1
+ python scripts\test_rfid_al
location_fix.py 2>&1 | 
Out-File -FilePath  ...
+ ~~~~~~~~~~~~~~~~~~~~~~~~~~~
~~~~~~~~~~~~~~~~~~~~
    + CategoryInfo           
   : NotSpecified: (Traceba  
  ck (most recent call las   
 t)::String) [], RemoteEx    
ception
    + FullyQualifiedErrorId  
   : NativeCommandError
 
  File "C:\Users\nithi\Docume
nts\Main Hackathon\backend\sc
ripts\test_rfid_allocation_fi
x.py", line 158, in <module>
    success = 
test_rfid_allocation()
  File "C:\Users\nithi\Docume
nts\Main Hackathon\backend\sc
ripts\test_rfid_allocation_fi
x.py", line 46, in 
test_rfid_allocation
    print(f"   \u2713 
Created book with ID: 
{book_id}")
    ~~~~~^^^^^^^^^^^^^^^^^^^^
^^^^^^^^^^^^^^^^^^^^^
  File "C:\Users\nithi\AppDat
a\Local\Programs\Python\Pytho
n313\Lib\encodings\cp1252.py"
, line 19, in encode
    return codecs.charmap_enc
ode(input,self.errors,encodin
g_table)[0]
           ~~~~~~~~~~~~~~~~~~
~~~^^^^^^^^^^^^^^^^^^^^^^^^^^
^^^^^^^^
UnicodeEncodeError: 
'charmap' codec can't encode 
character '\u2713' in 
position 3: character maps 
to <undefined>

During handling of the above 
exception, another exception 
occurred:

Traceback (most recent call 
last):
  File "C:\Users\nithi\Docume
nts\Main Hackathon\backend\sc
ripts\test_rfid_allocation_fi
x.py", line 161, in <module>
    print(f"\n\u274c ERROR: 
{e}")
    ~~~~~^^^^^^^^^^^^^^^^^^^^
  File "C:\Users\nithi\AppDat
a\Local\Programs\Python\Pytho
n313\Lib\encodings\cp1252.py"
, line 19, in encode
    return codecs.charmap_enc
ode(input,self.errors,encodin
g_table)[0]
           ~~~~~~~~~~~~~~~~~~
~~~^^^^^^^^^^^^^^^^^^^^^^^^^^
^^^^^^^^
UnicodeEncodeError: 
'charmap' codec can't encode 
character '\u274c' in 
position 2: character maps 
to <undefined>
